// Jest Snapshot v1, https://goo.gl/fbAQLP

exports[`EmbedFacebookPlaceholder should render without any errors 1`] = `
<div
  class="embed-placeholder__container"
>
  <div
    class="embed-placeholder__header"
  >
    <svg
      fill="none"
      height="84"
      width="100%"
      xmlns="http://www.w3.org/2000/svg"
    >
      <circle
        cx="16"
        cy="16"
        fill="#E9ECEF"
        r="16"
      />
       
      <rect
        fill="#E9ECEF"
        height="10"
        width="60"
        x="40"
        y="7"
      />
       
      <rect
        fill="#E9ECEF"
        height="6"
        width="40"
        x="40"
        y="19"
      />
       
      <rect
        fill="#E9ECEF"
        height="8"
        width="100%"
        y="44"
      />
       
      <rect
        fill="#E9ECEF"
        height="8"
        width="100%"
        y="60"
      />
       
      <rect
        fill="#E9ECEF"
        height="8"
        width="75%"
        y="76"
      />
       
      <path
        d="M20 10.0611C20 4.50451 15.5229 0 10 0C4.47715 0 0 4.50451 0 10.0611C0 15.0828 3.65684 19.2452 8.4375 20V12.9694H5.89844V10.0611H8.4375V7.84452C8.4375 5.32296 9.93047 3.93012 12.2146 3.93012C13.3088 3.93012 14.4531 4.12663 14.4531 4.12663V6.60261H13.1922C11.95 6.60261 11.5625 7.37822 11.5625 8.17387V10.0611H14.3359L13.8926 12.9694H11.5625V20C16.3432 19.2452 20 15.0828 20 10.0611Z"
        fill="#1877F2"
        style="transform: translateX(calc(100% - 20px));"
      />
    </svg>
  </div>
   
  <div
    class="embed-placeholder__headline"
  >
    
    An dieser Stelle findest du Inhalte aus Facebook
  
  </div>
   
  <div
    class="embed-placeholder__description"
  >
    
    Um mit Inhalten aus Facebook und anderen sozialen Netzwerken zu interagieren oder diese darzustellen, brauchen wir
    deine Zustimmung.
  
  </div>
   
  <button
    class="embed-placeholder__button"
  >
    
          soziale Netzwerke aktivieren
        
  </button>
   
  <div
    class="embed-placeholder__footer-text"
  >
    
        Ich bin damit einverstanden, dass mir externe Inhalte aus sozialen Netzwerken angezeigt werden. Damit können
        personenbezogene Daten an Drittanbieter übermittelt werden. Mehr dazu findest du in der
        
    <a
      class="embed-placeholder__text-link embed-placeholder__link-description"
      href="#"
      rel="noopener"
      target="_blank"
    >
      Beschreibung dieses Datenverarbeitungszweck
    </a>
    
        und in den Datenschutzinformationen dieser
        
    <a
      class="embed-placeholder__text-link embed-placeholder__link-vendor-list"
      href="#"
      rel="noopener"
      target="_blank"
    >
      Drittanbieter
    </a>
    .
      
  </div>
</div>
`;
