// Jest Snapshot v1, https://goo.gl/fbAQLP

exports[`EmbedPodigeePlaceholder should render without any errors 1`] = `
<div
  class="embed-placeholder__container"
  data-vendor-id="abc"
>
  <div
    class="embed-placeholder__header"
  >
    <svg
      fill="none"
      height="172"
      width="100%"
      xmlns="http://www.w3.org/2000/svg"
    >
      <path
        d="M8.81401 2.93521C6.15111 1.24064 2.6665 3.15348 2.6665 6.30985V45.6898C2.6665 48.8462 6.15111 50.759 8.81401 49.0645L39.7554 29.3745C42.2254 27.8027 42.2254 24.197 39.7554 22.6252L8.81401 2.93521Z"
        stroke="#CED4DA"
        stroke-width="4"
        style="transform: translate(calc(50% - 18px), calc(50% - 18px)) scale(0.9);"
      />
    </svg>
  </div>
   
  <div
    class="embed-placeholder__headline"
  >
    
      An dieser Stelle findest du Inhalte von Drittanbietern
    
  </div>
   
  <div
    class="embed-placeholder__description"
  >
    
      Um mit Inhalten von Drittanbietern zu interagieren oder diese darzustellen, brauchen wir deine Zustimmung.
    
  </div>
   
  <button
    class="embed-placeholder__button"
  >
    
          externen Inhalt aktivieren
        
  </button>
   
  <div
    class="embed-placeholder__footer-text"
  >
    
        Ich bin damit einverstanden, dass mir Inhalte von Drittanbietern angezeigt werden. Damit können
        personenbezogene Daten an Drittanbieter übermittelt werden. Dazu ist ggf. die Speicherung von Cookies auf
        deinem Gerät notwendig. Mehr Informationen dazu findest du
        
    <a
      class="embed-placeholder__text-link"
      href="#"
      rel="noopener noreferrer"
      target="_blank"
    >
      hier
    </a>
    .
      
  </div>
</div>
`;
