// Jest Snapshot v1, https://goo.gl/fbAQLP

exports[`EmbedYoutubeConsent component should render the placeholder by default 1`] = `
<div
  class="embed-placeholder__container"
  data-vendor-id="5e7ac3fae30e7d1bc1ebf5e8"
>
  <div
    class="embed-placeholder__header"
  >
    <svg
      fill="none"
      height="172"
      width="100%"
      xmlns="http://www.w3.org/2000/svg"
    >
      <g
        style="transform: translate(calc(50% - 20px), calc(50% - 20px)) scale(0.42);"
      >
        <path
          d="M 118.9,13.3 C 117.5,8.1 113.4,4 108.2,2.6 98.7,0 60.7,0 60.7,0 60.7,0 22.7,0 13.2,2.5 8.1,3.9 3.9,8.1 2.5,13.3 0,22.8 0,42.5 0,42.5 0,42.5 0,62.3 2.5,71.7 3.9,76.9 8,81 13.2,82.4 22.8,85 60.7,85 60.7,85 c 0,0 38,0 47.5,-2.5 5.2,-1.4 9.3,-5.5 10.7,-10.7 2.5,-9.5 2.5,-29.2 2.5,-29.2 0,0 0.1,-19.8 -2.5,-29.3 z"
          fill="#E9ECEF"
        />
         
        <polygon
          fill="#ffffff"
          points="80.2,42.5 48.6,24.3 48.6,60.7"
        />
      </g>
    </svg>
  </div>
   
  <div
    class="embed-placeholder__headline"
  >
    
    An dieser Stelle findest du Inhalte aus YouTube
  
  </div>
   
  <div
    class="embed-placeholder__description"
  >
    
    Um mit Inhalten aus YouTube und anderen sozialen Netzwerken zu interagieren oder diese darzustellen, brauchen wir
    deine Zustimmung.
  
  </div>
   
  <button
    class="embed-placeholder__button"
  >
    
    soziale Netzwerke aktivieren
  
  </button>
   
  <div
    class="embed-placeholder__footer-text"
  >
    
        Ich bin damit einverstanden, dass mir Inhalte von Drittanbietern angezeigt werden. Damit können
        personenbezogene Daten an Drittanbieter übermittelt werden. Dazu ist ggf. die Speicherung von Cookies auf
        deinem Gerät notwendig. Mehr Informationen dazu findest du
        
    <a
      class="embed-placeholder__text-link"
      href="#"
      rel="noopener noreferrer"
      target="_blank"
    >
      hier
    </a>
    .
      
  </div>
</div>
`;
