// Jest Snapshot v1, https://goo.gl/fbAQLP

exports[`EmbedYoutubeConsent component should render the placeholder by default 1`] = `
<div
  class="embed-placeholder__container"
  data-vendor-id="5e7ac3fae30e7d1bc1ebf5e8"
>
  <div
    class="embed-placeholder__header"
  >
    <svg
      fill="none"
      height="80"
      viewBox="0 0 80 80"
      width="80"
      xmlns="http://www.w3.org/2000/svg"
    >
      <path
        clip-rule="evenodd"
        d="M68.8 21.8665C70.9333 23.7332 71.4667 28.2665 71.4667 28.2665C71.4667 28.2665 72 33.5998 72 38.6665V43.4665C72 48.7998 71.4667 53.8665 71.4667 53.8665C71.4667 53.8665 70.6667 58.3998 68.8 60.2665C66.781 62.2855 64.5734 62.606 63.1295 62.8157C62.857 62.8552 62.6117 62.8908 62.4 62.9332C53.3333 63.4665 40 63.4665 40 63.4665C40 63.4665 23.2 63.4665 18.1333 62.9332C17.8776 62.882 17.5531 62.8505 17.1788 62.8141C15.6017 62.6609 13.1396 62.4216 11.2 60.2665C9.06667 58.3998 8.53333 53.8665 8.53333 53.8665C8.53333 53.8665 8 48.5332 8 43.4665V38.6665C8 33.5998 8.53333 28.2665 8.53333 28.2665C8.53333 28.2665 9.33333 23.7332 11.2 21.8665C13.219 19.8475 15.4266 19.527 16.8705 19.3174C17.143 19.2778 17.3883 19.2422 17.6 19.1998C26.6667 18.6665 40 18.6665 40 18.6665C40 18.6665 53.3333 18.6665 62.4 19.1998C63.7333 19.1998 66.4 19.1998 68.8 21.8665ZM33.3333 31.7332V49.5999L50.6667 40.7999L33.3333 31.7332Z"
        fill="#CED4DA"
        fill-rule="evenodd"
      />
       
      <mask
        height="46"
        id="mask0_382_22532"
        maskUnits="userSpaceOnUse"
        style="mask-type: alpha;"
        width="64"
        x="8"
        y="18"
      >
        <path
          clip-rule="evenodd"
          d="M68.8 21.8665C70.9333 23.7332 71.4667 28.2665 71.4667 28.2665C71.4667 28.2665 72 33.5998 72 38.6665V43.4665C72 48.7998 71.4667 53.8665 71.4667 53.8665C71.4667 53.8665 70.6667 58.3998 68.8 60.2665C66.781 62.2855 64.5734 62.606 63.1295 62.8157C62.857 62.8552 62.6117 62.8908 62.4 62.9332C53.3333 63.4665 40 63.4665 40 63.4665C40 63.4665 23.2 63.4665 18.1333 62.9332C17.8776 62.882 17.5531 62.8505 17.1788 62.8141C15.6017 62.6609 13.1396 62.4216 11.2 60.2665C9.06667 58.3998 8.53333 53.8665 8.53333 53.8665C8.53333 53.8665 8 48.5332 8 43.4665V38.6665C8 33.5998 8.53333 28.2665 8.53333 28.2665C8.53333 28.2665 9.33333 23.7332 11.2 21.8665C13.219 19.8475 15.4266 19.527 16.8705 19.3174C17.143 19.2778 17.3883 19.2422 17.6 19.1998C26.6667 18.6665 40 18.6665 40 18.6665C40 18.6665 53.3333 18.6665 62.4 19.1998C63.7333 19.1998 66.4 19.1998 68.8 21.8665ZM33.3333 31.7332V49.5999L50.6667 40.7999L33.3333 31.7332Z"
          fill="white"
          fill-rule="evenodd"
        />
      </mask>
       
      <g
        mask="url(#mask0_382_22532)"
      />
    </svg>
  </div>
   
  <div
    class="embed-placeholder__headline"
  >
    
    An dieser Stelle findest du Inhalte aus YouTube
  
  </div>
   
  <div
    class="embed-placeholder__description"
  >
    
    Um mit Inhalten aus YouTube und anderen sozialen Netzwerken zu interagieren oder diese darzustellen, brauchen wir
    deine Zustimmung.
  
  </div>
   
  <button
    class="embed-placeholder__button"
  >
    
    soziale Netzwerke aktivieren
  
  </button>
   
  <div
    class="embed-placeholder__footer-text"
  >
    
        Ich bin damit einverstanden, dass mir Inhalte von Drittanbietern angezeigt werden. Damit können
        personenbezogene Daten an Drittanbieter übermittelt werden. Dazu ist ggf. die Speicherung von Cookies auf
        deinem Gerät notwendig. Mehr Informationen dazu findest du
        
    <a
      class="embed-placeholder__text-link"
      href="#"
      rel="noopener noreferrer"
      target="_blank"
    >
      hier
    </a>
    .
      
  </div>
</div>
`;
