// Jest Snapshot v1, https://goo.gl/fbAQLP

exports[`sourcepoint getClientLibraryUrl should return the expected content 1`] = `"https://cmp2.bild.de/wrapperMessagingWithoutDetection.js"`;
